[    0.000000] Linux version 4.15.0-72-generic (buildd@lcy01-amd64-026) (gcc version 7.4.0 (Ubuntu 7.4.0-1ubuntu1~18.04.1)) #81-Ubuntu SMP Tue Nov 26 12:20:02 UTC 2019 (Ubuntu 4.15.0-72.81-generic 4.15.18)
[    0.000000] Command line: BOOT_IMAGE=/boot/vmlinuz-4.15.0-72-generic root=LABEL=cloudimg-rootfs ro console=tty1 console=ttyS0
[    0.000000] KERNEL supported cpus:
[    0.000000]   Intel GenuineIntel
[    0.000000]   AMD AuthenticAMD
[    0.000000]   Centaur CentaurHauls
[    0.000000] x86/fpu: Supporting XSAVE feature 0x001: 'x87 floating point registers'
[    0.000000] x86/fpu: Supporting XSAVE feature 0x002: 'SSE registers'
[    0.000000] x86/fpu: Supporting XSAVE feature 0x004: 'AVX registers'
[    0.000000] x86/fpu: xstate_offset[2]:  576, xstate_sizes[2]:  256
[    0.000000] x86/fpu: Enabled xstate features 0x7, context size is 832 bytes, using 'standard' format.
[    0.000000] e820: BIOS-provided physical RAM map:
[    0.000000] BIOS-e820: [mem 0x0000000000000000-0x000000000009fbff] usable
[    0.000000] BIOS-e820: [mem 0x000000000009fc00-0x000000000009ffff] reserved
[    0.000000] BIOS-e820: [mem 0x00000000000f0000-0x00000000000fffff] reserved
[    0.000000] BIOS-e820: [mem 0x0000000000100000-0x00000000dffeffff] usable
[    0.000000] BIOS-e820: [mem 0x00000000dfff0000-0x00000000dfffffff] ACPI data
[    0.000000] BIOS-e820: [mem 0x00000000fec00000-0x00000000fec00fff] reserved
[    0.000000] BIOS-e820: [mem 0x00000000fee00000-0x00000000fee00fff] reserved
[    0.000000] BIOS-e820: [mem 0x00000000fffc0000-0x00000000ffffffff] reserved
[    0.000000] BIOS-e820: [mem 0x0000000100000000-0x000000011cffffff] usable
[    0.000000] NX (Execute Disable) protection: active
[    0.000000] SMBIOS 2.5 present.
[    0.000000] DMI: innotek GmbH VirtualBox/VirtualBox, BIOS VirtualBox 12/01/2006
[    0.000000] Hypervisor detected: KVM
[    0.000000] e820: last_pfn = 0x11d000 max_arch_pfn = 0x400000000
[    0.000000] MTRR: Disabled
[    0.000000] x86/PAT: MTRRs disabled, skipping PAT initialization too.
[    0.000000] CPU MTRRs all blank - virtualized system.
[    0.000000] x86/PAT: Configuration [0-7]: WB  WT  UC- UC  WB  WT  UC- UC  
[    0.000000] e820: last_pfn = 0xdfff0 max_arch_pfn = 0x400000000
[    0.000000] found SMP MP-table at [mem 0x0009fff0-0x0009ffff]
[    0.000000] Scanning 1 areas for low memory corruption
[    0.000000] RAMDISK: [mem 0x35a6d000-0x36d2dfff]
[    0.000000] ACPI: Early table checksum verification disabled
[    0.000000] ACPI: RSDP 0x00000000000E0000 000024 (v02 VBOX  )
[    0.000000] ACPI: XSDT 0x00000000DFFF0030 00003C (v01 VBOX   VBOXXSDT 00000001 ASL  00000061)
[    0.000000] ACPI: FACP 0x00000000DFFF00F0 0000F4 (v04 VBOX   VBOXFACP 00000001 ASL  00000061)
[    0.000000] ACPI: DSDT 0x00000000DFFF0470 0022EA (v02 VBOX   VBOXBIOS 00000002 INTL 20100528)
[    0.000000] ACPI: FACS 0x00000000DFFF0200 000040
[    0.000000] ACPI: FACS 0x00000000DFFF0200 000040
[    0.000000] ACPI: APIC 0x00000000DFFF0240 00005C (v02 VBOX   VBOXAPIC 00000001 ASL  00000061)
[    0.000000] ACPI: SSDT 0x00000000DFFF02A0 0001CC (v01 VBOX   VBOXCPUT 00000002 INTL 20100528)
[    0.000000] No NUMA configuration found
[    0.000000] Faking a node at [mem 0x0000000000000000-0x000000011cffffff]
[    0.000000] NODE_DATA(0) allocated [mem 0x11cfd3000-0x11cffdfff]
[    0.000000] kvm-clock: cpu 0, msr 1:1cf52001, primary cpu clock
[    0.000000] kvm-clock: Using msrs 4b564d01 and 4b564d00
[    0.000000] kvm-clock: using sched offset of 3944108985 cycles
[    0.000000] clocksource: kvm-clock: mask: 0xffffffffffffffff max_cycles: 0x1cd42e4dffb, max_idle_ns: 881590591483 ns
[    0.000000] Zone ranges:
[    0.000000]   DMA      [mem 0x0000000000001000-0x0000000000ffffff]
[    0.000000]   DMA32    [mem 0x0000000001000000-0x00000000ffffffff]
[    0.000000]   Normal   [mem 0x0000000100000000-0x000000011cffffff]
[    0.000000]   Device   empty
[    0.000000] Movable zone start for each node
[    0.000000] Early memory node ranges
[    0.000000]   node   0: [mem 0x0000000000001000-0x000000000009efff]
[    0.000000]   node   0: [mem 0x0000000000100000-0x00000000dffeffff]
[    0.000000]   node   0: [mem 0x0000000100000000-0x000000011cffffff]
[    0.000000] Reserved but unavailable: 98 pages
[    0.000000] Initmem setup node 0 [mem 0x0000000000001000-0x000000011cffffff]
[    0.000000] ACPI: PM-Timer IO Port: 0x4008
[    0.000000] IOAPIC[0]: apic_id 2, version 32, address 0xfec00000, GSI 0-23
[    0.000000] ACPI: INT_SRC_OVR (bus 0 bus_irq 0 global_irq 2 dfl dfl)
[    0.000000] ACPI: INT_SRC_OVR (bus 0 bus_irq 9 global_irq 9 low level)
[    0.000000] Using ACPI (MADT) for SMP configuration information
[    0.000000] smpboot: Allowing 2 CPUs, 0 hotplug CPUs
[    0.000000] PM: Registered nosave memory: [mem 0x00000000-0x00000fff]
[    0.000000] PM: Registered nosave memory: [mem 0x0009f000-0x0009ffff]
[    0.000000] PM: Registered nosave memory: [mem 0x000a0000-0x000effff]
[    0.000000] PM: Registered nosave memory: [mem 0x000f0000-0x000fffff]
[    0.000000] PM: Registered nosave memory: [mem 0xdfff0000-0xdfffffff]
[    0.000000] PM: Registered nosave memory: [mem 0xe0000000-0xfebfffff]
[    0.000000] PM: Registered nosave memory: [mem 0xfec00000-0xfec00fff]
[    0.000000] PM: Registered nosave memory: [mem 0xfec01000-0xfedfffff]
[    0.000000] PM: Registered nosave memory: [mem 0xfee00000-0xfee00fff]
[    0.000000] PM: Registered nosave memory: [mem 0xfee01000-0xfffbffff]
[    0.000000] PM: Registered nosave memory: [mem 0xfffc0000-0xffffffff]
[    0.000000] e820: [mem 0xe0000000-0xfebfffff] available for PCI devices
[    0.000000] Booting paravirtualized kernel on KVM
[    0.000000] clocksource: refined-jiffies: mask: 0xffffffff max_cycles: 0xffffffff, max_idle_ns: 7645519600211568 ns
[    0.000000] random: get_random_bytes called from start_kernel+0x99/0x4fd with crng_init=0
[    0.000000] setup_percpu: NR_CPUS:8192 nr_cpumask_bits:2 nr_cpu_ids:2 nr_node_ids:1
[    0.000000] percpu: Embedded 45 pages/cpu s147456 r8192 d28672 u1048576
[    0.000000] PV qspinlock hash table entries: 256 (order: 0, 4096 bytes)
[    0.000000] Built 1 zonelists, mobility grouping on.  Total pages: 1019961
[    0.000000] Policy zone: Normal
[    0.000000] Kernel command line: BOOT_IMAGE=/boot/vmlinuz-4.15.0-72-generic root=LABEL=cloudimg-rootfs ro console=tty1 console=ttyS0
[    0.000000] Memory: 3964856K/4144696K available (12300K kernel code, 2481K rwdata, 4264K rodata, 2428K init, 2388K bss, 179840K reserved, 0K cma-reserved)
[    0.000000] SLUB: HWalign=64, Order=0-3, MinObjects=0, CPUs=2, Nodes=1
[    0.000000] Kernel/User page tables isolation: enabled
[    0.000000] ftrace: allocating 39318 entries in 154 pages
[    0.004000] Hierarchical RCU implementation.
[    0.004000] 	RCU restricting CPUs from NR_CPUS=8192 to nr_cpu_ids=2.
[    0.004000] 	Tasks RCU enabled.
[    0.004000] RCU: Adjusting geometry for rcu_fanout_leaf=16, nr_cpu_ids=2
[    0.004000] NR_IRQS: 524544, nr_irqs: 440, preallocated irqs: 16
[    0.004000] Console: colour VGA+ 80x25
[    0.004000] console [tty1] enabled
[    0.004000] console [ttyS0] enabled
[    0.004000] ACPI: Core revision 20170831
[    0.004000] ACPI: 2 ACPI AML tables successfully acquired and loaded
[    0.004000] APIC: Switch to symmetric I/O mode setup
[    0.004000] x2apic enabled
[    0.004000] Switched APIC routing to physical x2apic.
[    0.004000] ..TIMER: vector=0x30 apic1=0 pin1=2 apic2=-1 pin2=-1
[    0.004003] tsc: Detected 4199.996 MHz processor
[    0.004766] Calibrating delay loop (skipped) preset value.. 8399.99 BogoMIPS (lpj=16799984)
[    0.005202] pid_max: default: 32768 minimum: 301
[    0.005870] Security Framework initialized
[    0.006455] Yama: becoming mindful.
[    0.006968] AppArmor: AppArmor initialized
[    0.016095] Dentry cache hash table entries: 524288 (order: 10, 4194304 bytes)
[    0.020150] Inode-cache hash table entries: 262144 (order: 9, 2097152 bytes)
[    0.024033] Mount-cache hash table entries: 8192 (order: 4, 65536 bytes)
[    0.024942] Mountpoint-cache hash table entries: 8192 (order: 4, 65536 bytes)
[    0.026214] Last level iTLB entries: 4KB 64, 2MB 8, 4MB 8
[    0.028003] Last level dTLB entries: 4KB 64, 2MB 0, 4MB 0, 1GB 4
[    0.028904] Spectre V1 : Mitigation: usercopy/swapgs barriers and __user pointer sanitization
[    0.030098] Spectre V2 : Mitigation: Full generic retpoline
[    0.030942] Spectre V2 : Spectre v2 / SpectreRSB mitigation: Filling RSB on context switch
[    0.032002] Speculative Store Bypass: Vulnerable
[    0.032652] MDS: Vulnerable: Clear CPU buffers attempted, no microcode
[    0.033655] Freeing SMP alternatives memory: 36K
[    0.143623] smpboot: CPU0: Intel(R) Core(TM) i7-7700K CPU @ 4.20GHz (family: 0x6, model: 0x9e, stepping: 0x9)
[    0.144000] Performance Events: unsupported p6 CPU model 158 no PMU driver, software events only.
[    0.144000] Hierarchical SRCU implementation.
[    0.144000] NMI watchdog: Perf event create on CPU 0 failed with -2
[    0.144002] NMI watchdog: Perf NMI watchdog permanently disabled
[    0.144852] smp: Bringing up secondary CPUs ...
[    0.148041] x86: Booting SMP configuration:
[    0.148826] .... node  #0, CPUs:      #1
[    0.004000] kvm-clock: cpu 1, msr 1:1cf52041, secondary cpu clock
[    0.155144] smp: Brought up 1 node, 2 CPUs
[    0.155144] smpboot: Max logical packages: 1
[    0.156003] smpboot: Total of 2 processors activated (16799.98 BogoMIPS)
[    0.156998] devtmpfs: initialized
[    0.156998] x86/mm: Memory block size: 128MB
[    0.157372] evm: security.selinux
[    0.157869] evm: security.SMACK64
[    0.158342] evm: security.SMACK64EXEC
[    0.160002] evm: security.SMACK64TRANSMUTE
[    0.160572] evm: security.SMACK64MMAP
[    0.161137] evm: security.apparmor
[    0.161645] evm: security.ima
[    0.162088] evm: security.capability
[    0.162656] clocksource: jiffies: mask: 0xffffffff max_cycles: 0xffffffff, max_idle_ns: 7645041785100000 ns
[    0.164006] futex hash table entries: 512 (order: 3, 32768 bytes)
[    0.164865] pinctrl core: initialized pinctrl subsystem
[    0.165709] RTC time: 20:42:19, date: 01/04/20
[    0.166460] NET: Registered protocol family 16
[    0.167188] audit: initializing netlink subsys (disabled)
[    0.168033] audit: type=2000 audit(1578170544.741:1): state=initialized audit_enabled=0 res=1
[    0.169171] cpuidle: using governor ladder
[    0.169171] cpuidle: using governor menu
[    0.169206] ACPI: bus type PCI registered
[    0.169773] acpiphp: ACPI Hot Plug PCI Controller Driver version: 0.5
[    0.172070] PCI: Using configuration type 1 for base access
[    0.172984] HugeTLB registered 2.00 MiB page size, pre-allocated 0 pages
[    0.172984] ACPI: Added _OSI(Module Device)
[    0.172984] ACPI: Added _OSI(Processor Device)
[    0.176002] ACPI: Added _OSI(3.0 _SCP Extensions)
[    0.176664] ACPI: Added _OSI(Processor Aggregator Device)
[    0.177485] ACPI: Added _OSI(Linux-Dell-Video)
[    0.178130] ACPI: Added _OSI(Linux-Lenovo-NV-HDMI-Audio)
[    0.178869] ACPI: Added _OSI(Linux-HPI-Hybrid-Graphics)
[    0.180234] ACPI: Executed 1 blocks of module-level executable AML code
[    0.184220] ACPI: Interpreter enabled
[    0.184929] ACPI: (supports S0 S5)
[    0.185578] ACPI: Using IOAPIC for interrupt routing
[    0.186772] PCI: Using host bridge windows from ACPI; if necessary, use "pci=nocrs" and report a bug
[    0.188000] ACPI: Enabled 2 GPEs in block 00 to 07
[    0.194336] ACPI: PCI Root Bridge [PCI0] (domain 0000 [bus 00-ff])
[    0.195167] acpi PNP0A03:00: _OSC: OS supports [ASPM ClockPM Segments MSI]
[    0.196202] acpi PNP0A03:00: _OSC: not requesting OS control; OS requires [ExtendedConfig ASPM ClockPM MSI]
[    0.197628] acpi PNP0A03:00: fail to add MMCONFIG information, can't access extended PCI configuration space under this bridge.
[    0.199494] PCI host bridge to bus 0000:00
[    0.200005] pci_bus 0000:00: root bus resource [io  0x0000-0x0cf7 window]
[    0.200994] pci_bus 0000:00: root bus resource [io  0x0d00-0xffff window]
[    0.201876] pci_bus 0000:00: root bus resource [mem 0x000a0000-0x000bffff window]
[    0.204002] pci_bus 0000:00: root bus resource [mem 0xe0000000-0xfdffffff window]
[    0.205032] pci_bus 0000:00: root bus resource [bus 00-ff]
[    0.207330] pci 0000:00:01.1: legacy IDE quirk: reg 0x10: [io  0x01f0-0x01f7]
[    0.208002] pci 0000:00:01.1: legacy IDE quirk: reg 0x14: [io  0x03f6]
[    0.208940] pci 0000:00:01.1: legacy IDE quirk: reg 0x18: [io  0x0170-0x0177]
[    0.209972] pci 0000:00:01.1: legacy IDE quirk: reg 0x1c: [io  0x0376]
[    0.264383] pci 0000:00:07.0: quirk: [io  0x4000-0x403f] claimed by PIIX4 ACPI
[    0.265407] pci 0000:00:07.0: quirk: [io  0x4100-0x410f] claimed by PIIX4 SMB
[    0.287113] ACPI: PCI Interrupt Link [LNKA] (IRQs 5 9 10 *11)
[    0.288263] ACPI: PCI Interrupt Link [LNKB] (IRQs 5 9 *10 11)
[    0.289128] ACPI: PCI Interrupt Link [LNKC] (IRQs 5 *9 10 11)
[    0.290002] ACPI: PCI Interrupt Link [LNKD] (IRQs 5 9 10 *11)
[    0.291007] SCSI subsystem initialized
[    0.292021] pci 0000:00:02.0: vgaarb: setting as boot VGA device
[    0.292822] pci 0000:00:02.0: vgaarb: VGA device added: decodes=io+mem,owns=io+mem,locks=none
[    0.293986] pci 0000:00:02.0: vgaarb: bridge control possible
[    0.294771] vgaarb: loaded
[    0.295217] ACPI: bus type USB registered
[    0.295787] usbcore: registered new interface driver usbfs
[    0.296011] usbcore: registered new interface driver hub
[    0.296803] usbcore: registered new device driver usb
[    0.297523] EDAC MC: Ver: 3.0.0
[    0.297523] PCI: Using ACPI for IRQ routing
[    0.297523] NetLabel: Initializing
[    0.300002] NetLabel:  domain hash size = 128
[    0.300635] NetLabel:  protocols = UNLABELED CIPSOv4 CALIPSO
[    0.301392] NetLabel:  unlabeled traffic allowed by default
[    0.302166] clocksource: Switched to clocksource kvm-clock
[    0.326705] VFS: Disk quotas dquot_6.6.0
[    0.327299] VFS: Dquot-cache hash table entries: 512 (order 0, 4096 bytes)
[    0.328258] AppArmor: AppArmor Filesystem Enabled
[    0.328988] pnp: PnP ACPI init
[    0.330269] pnp: PnP ACPI: found 3 devices
[    0.338828] clocksource: acpi_pm: mask: 0xffffff max_cycles: 0xffffff, max_idle_ns: 2085701024 ns
[    0.340087] NET: Registered protocol family 2
[    0.340857] TCP established hash table entries: 32768 (order: 6, 262144 bytes)
[    0.341896] TCP bind hash table entries: 32768 (order: 7, 524288 bytes)
[    0.342821] TCP: Hash tables configured (established 32768 bind 32768)
[    0.343749] UDP hash table entries: 2048 (order: 4, 65536 bytes)
[    0.344858] UDP-Lite hash table entries: 2048 (order: 4, 65536 bytes)
[    0.345745] NET: Registered protocol family 1
[    0.346389] pci 0000:00:00.0: Limiting direct PCI/PCI transfers
[    0.347209] pci 0000:00:01.0: Activating ISA DMA hang workarounds
[    0.348580] pci 0000:00:02.0: Video device with shadowed ROM at [mem 0x000c0000-0x000dffff]
[    0.349963] Unpacking initramfs...
[    0.655449] Freeing initrd memory: 19204K
[    0.656248] PCI-DMA: Using software bounce buffering for IO (SWIOTLB)
[    0.657433] software IO TLB: mapped [mem 0xdbff0000-0xdfff0000] (64MB)
[    0.658622] clocksource: tsc: mask: 0xffffffffffffffff max_cycles: 0x3c8a5dbeece, max_idle_ns: 440795356272 ns
[    0.660119] platform rtc_cmos: registered platform RTC device (no PNP device found)
[    0.661243] Scanning for low memory corruption every 60 seconds
[    0.662461] Initialise system trusted keyrings
[    0.663105] Key type blacklist registered
[    0.663714] workingset: timestamp_bits=36 max_order=20 bucket_order=0
[    0.665469] zbud: loaded
[    0.671449] squashfs: version 4.0 (2009/01/31) Phillip Lougher
[    0.672455] fuse init (API version 7.26)
[    0.674524] Key type asymmetric registered
[    0.675110] Asymmetric key parser 'x509' registered
[    0.675806] Block layer SCSI generic (bsg) driver version 0.4 loaded (major 246)
[    0.676906] io scheduler noop registered
[    0.677454] io scheduler deadline registered
[    0.678091] io scheduler cfq registered (default)
[    0.678927] ACPI: AC Adapter [AC] (on-line)
[    0.679583] input: Power Button as /devices/LNXSYSTM:00/LNXPWRBN:00/input/input0
[    0.680708] ACPI: Power Button [PWRF]
[    0.681296] input: Sleep Button as /devices/LNXSYSTM:00/LNXSLPBN:00/input/input1
[    0.682747] ACPI: Sleep Button [SLPF]
[    0.683848] Serial: 8250/16550 driver, 32 ports, IRQ sharing enabled
[    0.705736] 00:02: ttyS0 at I/O 0x3f8 (irq = 4, base_baud = 115200) is a 16550A
[    0.708715] Linux agpgart interface v0.103
[    0.716362] loop: module loaded
[    0.726587] scsi host0: ata_piix
[    0.727207] scsi host1: ata_piix
[    0.727703] ata1: PATA max UDMA/33 cmd 0x1f0 ctl 0x3f6 bmdma 0xd000 irq 14
[    0.728723] ata2: PATA max UDMA/33 cmd 0x170 ctl 0x376 bmdma 0xd008 irq 15
[    0.730123] libphy: Fixed MDIO Bus: probed
[    0.730937] tun: Universal TUN/TAP device driver, 1.6
[    0.732040] PPP generic driver version 2.4.2
[    0.732693] ehci_hcd: USB 2.0 'Enhanced' Host Controller (EHCI) Driver
[    0.733587] ehci-pci: EHCI PCI platform driver
[    0.734570] ehci-platform: EHCI generic platform driver
[    0.735674] ohci_hcd: USB 1.1 'Open' Host Controller (OHCI) Driver
[    0.736586] ohci-pci: OHCI PCI platform driver
[    0.737239] ohci-platform: OHCI generic platform driver
[    0.737998] uhci_hcd: USB Universal Host Controller Interface driver
[    0.738921] i8042: PNP: PS/2 Controller [PNP0303:PS2K,PNP0f03:PS2M] at 0x60,0x64 irq 1,12
[    0.740432] serio: i8042 KBD port at 0x60,0x64 irq 1
[    0.741156] serio: i8042 AUX port at 0x60,0x64 irq 12
[    0.741993] mousedev: PS/2 mouse device common for all mice
[    0.743216] input: AT Translated Set 2 keyboard as /devices/platform/i8042/serio0/input/input2
[    0.744093] rtc_cmos rtc_cmos: rtc core: registered rtc_cmos as rtc0
[    0.745504] rtc_cmos rtc_cmos: alarms up to one day, 114 bytes nvram
[    0.746604] i2c /dev entries driver
[    0.747969] device-mapper: uevent: version 1.0.3
[    0.749158] device-mapper: ioctl: 4.37.0-ioctl (2017-09-20) initialised: dm-devel@redhat.com
[    0.750823] ledtrig-cpu: registered to indicate activity on CPUs
[    0.751943] NET: Registered protocol family 10
[    0.754712] Segment Routing with IPv6
[    0.755268] NET: Registered protocol family 17
[    0.755925] Key type dns_resolver registered
[    0.756750] mce: Using 0 MCE banks
[    0.757274] RAS: Correctable Errors collector initialized.
[    0.758019] sched_clock: Marking stable (756709571, 0)->(1188957306, -432247735)
[    0.759273] registered taskstats version 1
[    0.759851] Loading compiled-in X.509 certificates
[    0.761885] Loaded X.509 cert 'Build time autogenerated kernel key: f4f7241365689b0cbe3898188e65e316fd8f978d'
[    0.763353] zswap: loaded using pool lzo/zbud
[    0.766522] Key type big_key registered
[    0.767268] Key type trusted registered
[    0.768962] Key type encrypted registered
[    0.769531] AppArmor: AppArmor sha1 policy hashing enabled
[    0.770322] ima: No TPM chip found, activating TPM-bypass! (rc=-19)
[    0.771237] ima: Allocated hash algorithm: sha1
[    0.771937] evm: HMAC attrs: 0x1
[    0.772641]   Magic number: 4:76:750
[    0.773190] ata_link link1: hash matches
[    0.773767]  link1: hash matches
[    0.774311] tty ttyS1: hash matches
[    0.774909] rtc_cmos rtc_cmos: setting system clock to 2020-01-04 20:42:20 UTC (1578170540)
[    0.776122] BIOS EDD facility v0.16 2004-Jun-25, 0 devices found
[    0.776929] EDD information not available.
[    0.889690] Freeing unused kernel image memory: 2428K
[    0.904535] Write protecting the kernel read-only data: 20480k
[    0.905676] Freeing unused kernel image memory: 2008K
[    0.906562] Freeing unused kernel image memory: 1880K
[    0.914377] x86/mm: Checked W+X mappings: passed, no W+X pages found.
[    0.915567] x86/mm: Checking user space page tables
[    0.921307] x86/mm: Checked W+X mappings: passed, no W+X pages found.
Loading, please wait...
starting version 237
[    0.988552] e1000: Intel(R) PRO/1000 Network Driver - version 7.3.21-k8-NAPI
[    0.989541] e1000: Copyright (c) 1999-2006 Intel Corporation.
[    0.991781] Fusion MPT base driver 3.04.20
[    0.992407] Copyright (c) 1999-2008 LSI Corporation
[    0.995197] Fusion MPT SPI Host driver 3.04.20
[    1.010856] AVX2 version of gcm_enc/dec engaged.
[    1.011553] AES CTR mode by8 optimization enabled
[    1.011631] mptbase: ioc0: Initiating bringup
[    1.149742] ioc0: LSI53C1030 A0: Capabilities={Initiator}
[    1.201284] input: ImExPS/2 Generic Explorer Mouse as /devices/platform/i8042/serio1/input/input4
[    1.405866] scsi host2: ioc0: LSI53C1030 A0, FwRev=00000000h, Ports=1, MaxQ=256, IRQ=20
[    1.573001] scsi 2:0:0:0: Direct-Access     VBOX     HARDDISK         1.0  PQ: 0 ANSI: 5
[    1.604018] scsi target2:0:0: Beginning Domain Validation
[    1.605912] scsi target2:0:0: Domain Validation skipping write tests
[    1.606752] scsi target2:0:0: Ending Domain Validation
[    1.607554] scsi target2:0:0: asynchronous
[    1.608519] scsi 2:0:1:0: Direct-Access     VBOX     HARDDISK         1.0  PQ: 0 ANSI: 5
[    1.900182] scsi target2:0:1: Beginning Domain Validation
[    1.901590] random: fast init done
[    1.902287] scsi target2:0:1: Domain Validation skipping write tests
[    1.903198] scsi target2:0:1: Ending Domain Validation
[    1.903970] scsi target2:0:1: asynchronous
[    1.906920] random: systemd-udevd: uninitialized urandom read (16 bytes read)
[    1.907896] random: systemd-udevd: uninitialized urandom read (16 bytes read)
[    1.908873] random: systemd-udevd: uninitialized urandom read (16 bytes read)
[    1.910765] sd 2:0:0:0: Attached scsi generic sg0 type 0
[    1.910914] sd 2:0:0:0: [sda] 167772160 512-byte logical blocks: (85.9 GB/80.0 GiB)
[    1.911613] sd 2:0:1:0: Attached scsi generic sg1 type 0
[    1.912771] sd 2:0:0:0: [sda] Write Protect is off
[    1.914413] sd 2:0:0:0: [sda] Incomplete mode parameter data
[    1.914416] sd 2:0:1:0: [sdb] 20480 512-byte logical blocks: (10.5 MB/10.0 MiB)
[    1.916289] sd 2:0:0:0: [sda] Assuming drive cache: write through
[    1.918359] sd 2:0:1:0: [sdb] Write Protect is off
[    1.919168] sd 2:0:1:0: [sdb] Incomplete mode parameter data
[    1.919841]  sda: sda1
[    1.919969] sd 2:0:1:0: [sdb] Assuming drive cache: write through
[    1.921735] sd 2:0:0:0: [sda] Attached SCSI disk
[    1.938764] sd 2:0:1:0: [sdb] Attached SCSI disk
[    1.941356] e1000 0000:00:03.0 eth0: (PCI:33MHz:32-bit) 02:b7:1f:33:e9:24
[    1.942329] e1000 0000:00:03.0 eth0: Intel(R) PRO/1000 Network Connection
[    2.452757] e1000 0000:00:08.0 eth1: (PCI:33MHz:32-bit) 08:00:27:c3:72:81
[    2.453694] e1000 0000:00:08.0 eth1: Intel(R) PRO/1000 Network Connection
[    2.455463] e1000 0000:00:08.0 enp0s8: renamed from eth1
[    2.472288] e1000 0000:00:03.0 enp0s3: renamed from eth0
Begin: Loading essential drivers ... [    3.932350] raid6: sse2x1   gen() 15428 MB/s
[    3.980178] raid6: sse2x1   xor() 10910 MB/s
[    4.028491] raid6: sse2x2   gen() 19368 MB/s
[    4.076327] raid6: sse2x2   xor() 12986 MB/s
[    4.124164] raid6: sse2x4   gen() 19580 MB/s
[    4.172474] raid6: sse2x4   xor() 12299 MB/s
[    4.220299] raid6: avx2x1   gen() 31396 MB/s
[    4.268115] raid6: avx2x1   xor() 22511 MB/s
[    4.316039] raid6: avx2x2   gen() 38944 MB/s
[    4.364295] raid6: avx2x2   xor() 24179 MB/s
[    4.412068] raid6: avx2x4   gen() 42277 MB/s
[    4.460414] raid6: avx2x4   xor() 24508 MB/s
[    4.461052] raid6: using algorithm avx2x4 gen() 42277 MB/s
[    4.461788] raid6: .... xor() 24508 MB/s, rmw enabled
[    4.462507] raid6: using avx2x2 recovery algorithm
[    4.463820] xor: automatically using best checksumming function   avx       
[    4.465851] async_tx: api initialized (async)
done.
Begin: Running /scripts/init-premount ... done.
Begin: Mounting root file system ... Begin: Running /scripts/local-top ... done.
Begin: Running /scripts/local-premount ... [    4.502431] Btrfs loaded, crc32c=crc32c-intel
Scanning for Btrfs filesystems
done.
Warning: fsck not present, so skipping root file system
[    4.545552] EXT4-fs (sda1): mounted filesystem with ordered data mode. Opts: (null)
done.
Begin: Running /scripts/local-bottom ... done.
Begin: Running /scripts/init-bottom ... done.
[    5.401144] ip_tables: (C) 2000-2006 Netfilter Core Team
[    5.434877] systemd[1]: systemd 237 running in system mode. (+PAM +AUDIT +SELINUX +IMA +APPARMOR +SMACK +SYSVINIT +UTMP +LIBCRYPTSETUP +GCRYPT +GNUTLS +ACL +XZ +LZ4 +SECCOMP +BLKID +ELFUTILS +KMOD -IDN2 +IDN -PCRE2 default-hierarchy=hybrid)
[    5.438654] systemd[1]: Detected virtualization oracle.
[    5.439432] systemd[1]: Detected architecture x86-64.

Welcome to [1mUbuntu 18.04.3 LTS[0m!

[    5.454425] systemd[1]: Set hostname to <ubuntu>.
[    5.469462] systemd[1]: Initializing machine ID from random generator.
[    5.470418] systemd[1]: Installed transient /etc/machine-id file.
[    6.070085] systemd[1]: Set up automount Arbitrary Executable File Formats File System Automount Point.
[[0;32m  OK  [0m] Set up automount Arbitrary Executabâ€¦rmats File System Automount Point.
[    6.072482] systemd[1]: Reached target User and Group Name Lookups.
[[0;32m  OK  [0m] Reached target User and Group Name Lookups.
[    6.073907] systemd[1]: Reached target System Time Synchronized.
[[0;32m  OK  [0m] Reached target System Time Synchronized.
[    6.076245] systemd[1]: Created slice User and Session Slice.
[[0;32m  OK  [0m] Created slice User and Session Slice.
[[0;32m  OK  [0m] Started Forward Password Requests to Wall Directory Watch.
[[0;32m  OK  [0m] Reached target Swap.
[[0;32m  OK  [0m] Created slice System Slice.
[[0;32m  OK  [0m] Created slice system-serial\x2dgetty.slice.
[[0;32m  OK  [0m] Listening on LVM2 metadata daemon socket.
[[0;32m  OK  [0m] Reached target Slices.
[[0;32m  OK  [0m] Listening on udev Kernel Socket.
[[0;32m  OK  [0m] Listening on Journal Audit Socket.
[[0;32m  OK  [0m] Listening on /dev/initctl Compatibility Named Pipe.
[[0;32m  OK  [0m] Listening on Network Service Netlink Socket.
[[0;32m  OK  [0m] Listening on Syslog Socket.
[[0;32m  OK  [0m] Listening on Journal Socket (/dev/log).
[[0;32m  OK  [0m] Listening on Device-mapper event daemon FIFOs.
[[0;32m  OK  [0m] Listening on Journal Socket.
         Starting Set the console keyboard layout...
         Starting Load Kernel Modules...
         Mounting Kernel Debug File System...
         Starting Monitoring of LVM2 mirrorsâ€¦ng dmeventd or progress polling...
         Mounting Huge Pages File System...
         Starting Create list of required stâ€¦ce nodes for the current kernel...
         Starting Remount Root and Kernel File Systems...
         Starting Uncomplicated firewall...
[[0;32m  OK  [0m] Listening on LVM2 poll daemon socket.
[[0;32m  OK  [0m] Listening on udev Control Socket.
         Starting udev Coldplug all Devices...
         Mounting POSIX Message Queue File System...
[    6.129751] Loading iSCSI transport class v2.0-870.
[    6.142443] iscsi: registered transport (tcp)
         Starting Journal Service...
[[0;32m  OK  [0m] Started Create list of required staâ€¦vice nodes for the current kernel.
[[0;32m  OK  [0m] Started Uncomplicated firewall.
         Starting Create Static Device Nodes in /dev...
[[0;32m  OK  [0m] Started udev Coldplug all Devices.
[    6.310881] iscsi: registered transport (iser)
[[0;32m  OK  [0m] Started Load Kernel Modules.
         Mounting FUSE Control File System...
         Mounting Kernel Configuration File System...
         Starting Apply Kernel Variables...
[[0;32m  OK  [0m] Mounted Kernel Debug File System.
[[0;32m  OK  [0m] Mounted Huge Pages File System.
[[0;32m  OK  [0m] Mounted POSIX Message Queue File System.
[[0;32m  OK  [0m] Mounted FUSE Control File System.
[[0;32m  OK  [0m] Mounted Kernel Configuration File System.
[    6.337325] random: crng init done
[    6.337836] random: 7 urandom warning(s) missed due to ratelimiting
[[0;32m  OK  [0m] Started Journal Service.
[[0;32m  OK  [0m] Started Set the console keyboard layout.
[[0;32m  OK  [0[    6.460751] EXT4-fs (sda1): re-mounted. Opts: (null)
m] Started LVM2 metadata daemon.
[[0;32m  OK  [0m] Started Remount Root and Kernel File Systems.
         Starting Flush Journal to Persistent Storage...
         Starting Load/Save Random Seed...
[[0;32m  OK  [0m] Started Create Static Device Nodes in /dev.
         Starting udev Kernel Device Manager...
[[0;32m  OK  [0m] Started Monitoring of LVM2 mirrors,â€¦sing dmeventd or progress polling.
[[0;32m  OK  [0m] Reached target Local File Systems (Pre).
[[0;32m  OK  [0m] Reached target Local File Systems.
         Starting ebtables ruleset management...
         Starting AppArmor initialization...
         Starting Tell Plymouth To Write Out Runtime Data...
         Starting Commit a transient machine-id on disk...
         Starting Set console font and keymap...
[[0;32m  OK  [0m] Started Load/Save Random Seed.
[[0;32m  OK  [0m] Started udev Kernel Device Manager.
[[0;32m  OK  [0m] Started Dispatch Password Requests to Console Directory Watch.
[[0;32m  OK  [0m] Reached target Local Encrypted Volumes.
[[0;32m  OK  [0m] Started Apply Kernel Variables.
[[0;32m  OK  [0m] Started Tell Plymouth To Write Out Runtime Data.
[[0;32m  OK  [0m] Started Set console font and keymap.
[[0;32m  OK  [0m] Started Flush Journal to Persistent Storage.
         Starting Create Volatile Files and Directories...
[[0;32m  OK  [0m] Started Commit a transient machine-id on disk.
[[0;32m  OK  [0m] Started Create Volatile Files and Directories.
         Starting Update UTMP about System Boot/Shutdown...
[[0;32m  OK  [0m] Started Update UTMP about System Boot/Shutdown.
[[0;32m  OK  [0m] Started ebtables ruleset management.
[[0;32m  OK  [0m] Found device /dev/ttyS0.
[[0;32m  OK  [0m] Listening on Load/Save RF Kill Switch Status /dev/rfkill Watch.
[[0;32m  OK  [0m] Started AppArmor initialization.
         Starting Initial cloud-init job (pre-networking)...
[   10.352514] cloud-init[544]: Cloud-init v. 19.3-41-gc4735dd3-0ubuntu1~18.04.1 running 'init-local' at Sat, 04 Jan 2020 20:42:29 +0000. Up 9.83 seconds.
[[0;32m  OK  [0m] Started Initial cloud-init job (pre-networking).
[[0;32m  OK  [0m] Reached target Network (Pre).
         Starting Network Service...
[[0;32m  OK  [0m] Started Network Service.
         Starting Wait for Network to be Configured...
         Starting Network Name Resolution...
[[0;32m  OK  [0m] Started Network Name Resolution.
[[0;32m  OK  [0m] Reached target Network.
[[0;32m  OK  [0m] Reached target Host and Network Name Lookups.
[[0;32m  OK  [0m] Started Wait for Network to be Configured.
         Starting Initial cloud-init job (metadata service crawler)...
[   12.181549] cloud-init[670]: Cloud-init v. 19.3-41-gc4735dd3-0ubuntu1~18.04.1 running 'init' at Sat, 04 Jan 2020 20:42:31 +0000. Up 12.00 seconds.
[   12.183668] cloud-init[670]: ci-info: ++++++++++++++++++++++++++++++++++++++Net device info+++++++++++++++++++++++++++++++++++++++
[   12.185232] cloud-init[670]: ci-info: +--------+-------+----------------------------+---------------+--------+-------------------+
[   12.186623] cloud-init[670]: ci-info: | Device |   Up  |          Address           |      Mask     | Scope  |     Hw-Address    |
[   12.187910] cloud-init[670]: ci-info: +--------+-------+----------------------------+---------------+--------+-------------------+
[   12.189034] cloud-init[670]: ci-info: | enp0s3 |  True |         10.0.2.15          | 255.255.255.0 | global | 02:b7:1f:33:e9:24 |
[   12.190100] cloud-init[670]: ci-info: | enp0s3 |  True | fe80::b7:1fff:fe33:e924/64 |       .       |  link  | 02:b7:1f:33:e9:24 |
[   12.191245] cloud-init[670]: ci-info: | enp0s8 | False |             .              |       .       |   .    | 08:00:27:c3:72:81 |
[   12.192381] cloud-init[670]: ci-info: |   lo   |  True |         127.0.0.1          |   255.0.0.0   |  host  |         .         |
[   12.193497] cloud-init[670]: ci-info: |   lo   |  True |          ::1/128           |       .       |  host  |         .         |
[   12.194586] cloud-init[670]: ci-info: +--------+-------+----------------------------+---------------+--------+-------------------+
[   12.195730] cloud-init[670]: ci-info: ++++++++++++++++++++++++++++Route IPv4 info+++++++++++++++++++++++++++++
[   12.196699] cloud-init[670]: ci-info: +-------+-------------+----------+-----------------+-----------+-------+
[   12.197732] cloud-init[670]: ci-info: | Route | Destination | Gateway  |     Genmask     | Interface | Flags |
[   12.198856] cloud-init[670]: ci-info: +-------+-------------+----------+-----------------+-----------+-------+
[   12.199962] cloud-init[670]: ci-info: |   0   |   0.0.0.0   | 10.0.2.2 |     0.0.0.0     |   enp0s3  |   UG  |
[   12.200914] cloud-init[670]: ci-info: |   1   |   10.0.2.0  | 0.0.0.0  |  255.255.255.0  |   enp0s3  |   U   |
[   12.201845] cloud-init[670]: ci-info: |   2   |   10.0.2.2  | 0.0.0.0  | 255.255.255.255 |   enp0s3  |   UH  |
[   12.202768] cloud-init[670]: ci-info: +-------+-------------+----------+-----------------+-----------+-------+
[   12.203688] cloud-init[670]: ci-info: +++++++++++++++++++Route IPv6 info+++++++++++++++++++
[   12.204572] cloud-init[670]: ci-info: +-------+-------------+---------+-----------+-------+
[   12.205512] cloud-init[670]: ci-info: | Route | Destination | Gateway | Interface | Flags |
[   12.207521] cloud-init[670]: ci-info: +-------+-------------+---------+-----------+-------+
[   12.209430] cloud-init[670]: ci-info: |   1   |  fe80::/64  |    ::   |   enp0s3  |   U   |
[   12.210434] cloud-init[670]: ci-info: |   3   |    local    |    ::   |   enp0s3  |   U   |
[   12.211279] cloud-init[670]: ci-info: |   4   |   ff00::/8  |    ::   |   enp0s3  |   U   |
[   12.212073] cloud-init[670]: ci-info: +-------+-------------+---------+-----------+-------+
[   13.632299] cloud-init[670]: Generating public/private rsa key pair.
[   13.633175] cloud-init[670]: Your identification has been saved in /etc/ssh/ssh_host_rsa_key.
[   13.633994] cloud-init[670]: Your public key has been saved in /etc/ssh/ssh_host_rsa_key.pub.
[   13.634972] cloud-init[670]: The key fingerprint is:
[   13.635497] cloud-init[670]: SHA256:hNg/aJzKTLsqU5NNnzu4e6fohrAwQoYey115vj3Nkb4 root@ubuntu-bionic
[   13.636902] cloud-init[670]: The key's randomart image is:
[   13.648282] cloud-init[670]: +---[RSA 2048]----+
[   13.649138] cloud-init[670]: |                 |
[   13.650129] cloud-init[670]: |     o .         |
[   13.660925] cloud-init[670]: |.   . + .        |
[   13.661458] cloud-init[670]: |.+  .+ *         |
[   13.662047] cloud-init[670]: |= ++o.B.S   .    |
[   13.662512] cloud-init[670]: |=++=.+o. . o     |
[   13.663029] cloud-init[670]: |o= o=. .o + .    |
[   13.663514] cloud-init[670]: |+ . oo+..o +     |
[   13.663998] cloud-init[670]: | o.+*+.+  .E.    |
[   13.664495] cloud-init[670]: +----[SHA256]-----+
[   13.665259] cloud-init[670]: Generating public/private dsa key pair.
[   13.666766] cloud-init[670]: Your identification has been saved in /etc/ssh/ssh_host_dsa_key.
[   13.668143] cloud-init[670]: Your public key has been saved in /etc/ssh/ssh_host_dsa_key.pub.
[   13.669056] cloud-init[670]: The key fingerprint is:
[   13.669554] cloud-init[670]: SHA256:2m/sN0GYgPgbunoxzMHvtjkAqfKh9QBsx2gri0JtVPc root@ubuntu-bionic
[   13.670437] cloud-init[670]: The key's randomart image is:
[   13.670949] cloud-init[670]: +---[DSA 1024]----+
[   13.671409] cloud-init[670]: |     . .         |
[   13.671890] cloud-init[670]: |    .....        |
[   13.672361] cloud-init[670]: |. oo... .. o     |
[   13.672901] cloud-init[670]: |.=o+o o  Eo .    |
[[0;32m  OK  [0m] Started Initial cloud-init job (metadata service crawler).
[   13.689905] [[0;32m  OK  [0m] Reached target System Initialization.
[[0;32m  OK  [0m] Started Daily apt download activities.
[[0;32m  OK  [0m] Started Daily apt upgrade and clean activities.
cloud-init[670]: |oo=+ + oS  .     |
[   13.693056] cloud-init[670]: |+o+oB oo    .    |
[   13.693676] cloud-init[670]: |==.+ *. ..   .   |
[   13.694295] cloud-init[670]: |= . + +. .o o    |
[   13.694854] cloud-init[670]: |. .o .oo oo. .   |
[   13.695432] cloud-init[670]: +----[SHA256]-----+
[   13.695935] cloud-init[670]: Generating public/private ecdsa key pair.
[   13.696679] cloud-init[670]: Your identification has been saved in /etc/ssh/ssh_host_ecdsa_key.
[   13.697589] cloud-init[670]: Your public key has been saved in /etc/ssh/ssh_host_ecdsa_key.pub.
[   13.699215] cloud-init[670]: The key fingerprint is:
[   13.700259] cloud-init[670]: SHA256:AkmBZjikBigURjkzGlsasB+pprUYn+0JtQa3uHQMFDU root@ubuntu-bionic
[   13.701435] cloud-init[670]: The key's randomart image is:
[   13.702098] cloud-init[670]: +---[ECDSA 256]---+
[   13.702645] cloud-init[670]: |OB+oE.           |
[   13.703287] cloud-init[670]: |@*=+ o           |
[   13.703874] cloud-init[670]: |=@B o            |
[   13.704450] cloud-init[670]: |=+ . .           |
[   13.705008] cloud-init[670]: |o.= o . S        |
[   13.705562] cloud-init[670]: |o= @ o .         |
[   13.706406] cloud-init[670]: |o B B            |
[   13.707077] cloud-init[670]: | . * .           |
[   13.707645] cloud-init[670]: |  . o            |
[   13.708407] cloud-init[670]: +----[SHA256]-----+
[   13.710469] cloud-init[670]: Generating public/private ed25519 key pair.
[   13.711272] cloud-init[670]: Your identification has been saved in /etc/ssh/ssh_host_ed25519_key.
[   13.712242] cloud-init[670]: Your public key has been saved in /etc/ssh/ssh_host_ed25519_key.pub.
[   13.713696] cloud-init[670]: The key fingerprint is:
         Starting LXD - unix socket.
[   13.724708] cloud-init[670]: SHA256:dUbPijwDowRuarEP0xH5JT0q2lgkIQ2EaFd+Wl4LST0 root@ubuntu-bionic
         Starting Socket activation for snappy daemon.
[   13.736718] [[0;32m  OK  [0m] Started Daily Cleanup of Temporary Directories.
cloud-init[670]: The key's randomart image is:
[[0;32m  OK  [0m] Started ACPI Events Check.
[[0;32m  OK  [0m] Listening on UUID daemon activation socket.
[[0;32m  OK  [0m] Listening on Open-iSCSI iscsid Socket.
[[0;32m  OK  [0m] Started Message of the Day.
[[0;32m  OK  [0m] Reached target Paths.
[[0;32m  OK  [0m] Started Discard unused blocks once a week.
[[0;32m  OK  [0m] Reached target Timers.
[[0;32m  OK  [0m] Listening on ACPID Listen Socket.
[[0;32m  OK  [0m] Listening on D-Bus System Message Bus Socket.
[[0;32m  OK  [0m] Reached target Cloud-config availability.
[[0;32m  OK  [0m] Reached target Network is Online.
[[0;32m  OK  [0m] Reached target Remote File Systems (Pre).
[[0;32m  OK  [0m] Reached target Remote File Systems.
         Starting Availability of block devices...
[[0;32m  OK  [0m] Listening on LXD - unix socket.
[[0;32m  OK  [0m] Listening on Socket activation for snappy daemon.
[[0;32m  OK  [0m] Reached target Sockets.
[[0;32m  OK  [0m] Reached target Basic System.
[[0;32m  OK  [0m] Started FUSE filesystem for LXC.
         Starting Permit User Sessions...
[   13.752164] cloud-init[670]: +--[ED25519 256]--+
[   13.752832] cloud-init[670]: |*+..+o o.   .    |
[   13.753398] cloud-init[670]: |oooo+oo =E . o   |
[   13.754234] cloud-init[670]: |. oo+o.Oooo o o  |
[   13.754778] cloud-init[670]: |   *ooB.o=.+ .   |
[   13.755352] cloud-init[670]: |  *=.o..S.= .    |
[   13.756746] cloud-init[670]: | .o+.      o     |
[   13.757493] cloud-init[670]: |    .            |
[   13.758221] cloud-init[670]: |                 |
[   13.758742] cloud-init[670]: |                 |
[   13.759338] cloud-init[670]: +----[SHA256]-----+
[[0;32m  OK  [0m] Started Regular background program processing daemon.
         Starting Dispatcher daemon for systemd-networkd...
         Starting Snappy daemon...
         Starting Accounts Service...
         Starting System Logging Service...
         Starting Pollinate to seed the pseudo random number generator...
         Starting LXD - container startup/shutdown...
         Starting LSB: Record successful boot for GRUB...
         Starting Virtualbox guest utils...
         Starting Login Service...
[[0;32m  OK  [0m] Started irqbalance daemon.
[[0;32m  OK  [0m] Started D-Bus System Message Bus.
         Starting LSB: automatic crash report generation...
[[0;32m  OK  [0m] Started Deferred execution scheduler.
[[0;32m  OK  [0m] Started System Logging Service.
[[0;32m  OK  [0m] Started Availability of block devices.
[[0;32m  OK  [0m] Started Permit User Sessions.
[[0;32m  OK  [0m] Started Login Service.
[[0;32m  OK  [0m] Started Unattended Upgrades Shutdown.
         Starting Hold until boot process finishes up...
         Starting Terminate Plymouth Boot Screen...
[[0;32m  OK  [0m] Started Hold until boot process finishes up.
         Starting Set console scheme...
[[0;32m  OK  [0m] Started Serial Getty on ttyS0.
[[0;32m  OK  [0m] Started Terminate Plymouth Boot Screen.
[[0;32m  OK  [0m] Started Set console scheme.
[[0;32m  OK  [0m] Created slice system-getty.slice.
[[0;32m  OK  [0m] Started Getty on tty1.
[[0;32m  OK  [0m] Reached target Login Prompts.
         Starting Authorization Manager...
[[0;32m  OK  [0m] Started LSB: Record successful boot for GRUB.
[[0;32m  OK  [0m] Started LSB: automatic crash report generation.
[[0;32m  OK  [0m] Started Virtualbox guest utils.
[[0;32m  OK  [0m] Started Authorization Manager.
[[0;32m  OK  [0m] Started Accounts Service.
[[0;32m  OK  [0m] Started LXD - container startup/shutdown.
[[0;32m  OK  [0m] Started Dispatcher daemon for systemd-networkd.
[[0;32m  OK  [0m] Started Snappy daemon.
         Starting Wait until snapd is fully seeded...
[[0;32m  OK  [0m] Started Pollinate to seed the pseudo random number generator.
         Starting OpenBSD Secure Shell server...
[[0;32m  OK  [0m] Started OpenBSD Secure Shell server.
[[0;32m  OK  [0m] Created slice User Slice of vagrant.
         Starting User Manager for UID 1000...
[[0;32m  OK  [0m] Started Session 1 of user vagrant.
[[0;32m  OK  [0m] Started User Manager for UID 1000.
[[0;32m  OK  [0m] Started Wait until snapd is fully seeded.
         Starting Apply the settings specified in cloud-config...
[[0;32m  OK  [0m] Reached target Multi-User System.
[[0;32m  OK  [0m] Reached target Graphical Interface.
         Starting Update UTMP about System Runlevel Changes...
[[0;32m  OK  [0m] Started Update UTMP about System Runlevel Changes.

Ubuntu 18.04.3 LTS ubuntu-bionic ttyS0

ubuntu-bionic login: [   20.522694] cloud-init[1375]: Cloud-init v. 19.3-41-gc4735dd3-0ubuntu1~18.04.1 running 'modules:config' at Sat, 04 Jan 2020 20:42:39 +0000. Up 19.75 seconds.
ci-info: no authorized ssh keys fingerprints found for user ubuntu.
<14>Jan  4 20:42:40 ec2: 
<14>Jan  4 20:42:40 ec2: #############################################################
<14>Jan  4 20:42:40 ec2: -----BEGIN SSH HOST KEY FINGERPRINTS-----
<14>Jan  4 20:42:40 ec2: 1024 SHA256:2m/sN0GYgPgbunoxzMHvtjkAqfKh9QBsx2gri0JtVPc root@ubuntu-bionic (DSA)
<14>Jan  4 20:42:40 ec2: 256 SHA256:AkmBZjikBigURjkzGlsasB+pprUYn+0JtQa3uHQMFDU root@ubuntu-bionic (ECDSA)
<14>Jan  4 20:42:40 ec2: 256 SHA256:dUbPijwDowRuarEP0xH5JT0q2lgkIQ2EaFd+Wl4LST0 root@ubuntu-bionic (ED25519)
<14>Jan  4 20:42:40 ec2: 2048 SHA256:hNg/aJzKTLsqU5NNnzu4e6fohrAwQoYey115vj3Nkb4 root@ubuntu-bionic (RSA)
<14>Jan  4 20:42:40 ec2: -----END SSH HOST KEY FINGERPRINTS-----
<14>Jan  4 20:42:40 ec2: #############################################################
-----BEGIN SSH HOST KEY KEYS-----
ecdsa-sha2-nistp256 AAAAE2VjZHNhLXNoYTItbmlzdHAyNTYAAAAIbmlzdHAyNTYAAABBBF2S1USaB20P3c1IzyVObY3eJCx4pz+vbN47P+keLZUGJQjHbFqSilQnuFinS6N6kC9LxSlZLh3l12LQVBvnS70= root@ubuntu-bionic
ssh-ed25519 AAAAC3NzaC1lZDI1NTE5AAAAINtCRI/TCCky3+3+LjvsV5yMtjW+fxe1cIsN8h/7Ug2z root@ubuntu-bionic
ssh-rsa AAAAB3NzaC1yc2EAAAADAQABAAABAQC0m0tZM4ynBlX5aPdBZ+J5NVoqRXbtkVrjdB+m3L+dSfOqPeZGmC7W8GocDRSRYOf7hIvZlFvjEKlsyzwwlNEw76/Ngh5LdHXqs/bPf0cAIs3O60ZLwTY7sNfzTR/vCZ9/qPXJV+d1V0CwNPwIPN3ImwquMgOMFtK+mkxY3avR00XWzlrw8L4B2Uh2b13sPCKFD6nUyEdRT0HbW2eOwHcvF4ecdz+2tyqOfO95MbwyswxRU9D4FRHwBxlThMHxzVklNdoOIkw6Q4Cm1D5bTuFyqC4JW0+6gG61brN1OKbN1YWqUWTtxiGWjVPraM32hTITmvRHFgbhiLw1tx72cQmv root@ubuntu-bionic
-----END SSH HOST KEY KEYS-----
[   21.065067] cloud-init[1564]: Cloud-init v. 19.3-41-gc4735dd3-0ubuntu1~18.04.1 running 'modules:final' at Sat, 04 Jan 2020 20:42:40 +0000. Up 20.91 seconds.
[   21.066586] cloud-init[1564]: ci-info: no authorized ssh keys fingerprints found for user ubuntu.
[   21.066847] cloud-init[1564]: Cloud-init v. 19.3-41-gc4735dd3-0ubuntu1~18.04.1 finished at Sat, 04 Jan 2020 20:42:40 +0000. Datasource DataSourceNoCloud [seed=/dev/sdb][dsmode=net].  Up 21.05 seconds
